// Jest Snapshot v1, https://goo.gl/fbAQLP

exports[`Characters should match snapshot 1`] = `
<t
  cardStyles={
    Object {
      "back": Object {},
      "front": Object {},
    }
  }
  cardZIndex="auto"
  containerStyle={Object {}}
  flipDirection="vertical"
  flipSpeedBackToFront={0.6}
  flipSpeedFrontToBack={0.6}
  infinite={false}
  isFlipped={false}
>
  <article
    className="characterCard"
    key="front"
  >
    <h2>
      Kayla
    </h2>
    <button
      onClick={[Function]}
    >
      Click here for more details
    </button>
    <img
      alt="favorite icon"
      className="favorite-btn"
      onClick={[Function]}
      src="inactive.png"
    />
  </article>
  <article
    className="characterCard"
    key="back"
  >
    <p>
      <span>
        Role:
      </span>
       
      Student
    </p>
    <p>
      <span>
        House:
      </span>
       
      Apartment
    </p>
    <p>
      <span>
        School:
      </span>
       
      Turing
    </p>
    <p>
      <span>
        Species:
      </span>
       
      Human
    </p>
    <button
      onClick={[Function]}
    >
      Return to Front
    </button>
  </article>
</t>
`;
