// Jest Snapshot v1, https://goo.gl/fbAQLP

exports[`CharacterContainer should match snapshot 1`] = `
<main>
  <article>
    <h2
      className="title"
    >
      Harry Potter Characters
    </h2>
    <input
      className="search__input"
      onChange={[Function]}
      placeholder="Search"
      type="text"
      value=""
    />
  </article>
  <section
    className="characters"
  >
    <Card
      info={
        Object {
          "house": "KlioPold",
          "id": "1",
          "name": "Kayla",
          "role": "student",
          "school": "Turing",
          "species": "human",
        }
      }
    />
  </section>
  <div
    className="show-more"
  >
    <button
      className="showMoreBtn"
      onClick={[Function]}
    >
      Show More
    </button>
  </div>
</main>
`;
