// Jest Snapshot v1, https://goo.gl/fbAQLP

exports[`HouseContainer should match snapshot 1`] = `
<Fragment>
  <article>
    <h2
      className="title"
    >
      Harry Potter Houses
    </h2>
    <input
      className="search__input"
      onChange={[Function]}
      placeholder="Search"
      type="text"
      value=""
    />
  </article>
  <section
    className="houses"
  >
    <Houses
      founder="Sergio"
      headOfHouse="Klio Pold"
      houseGhost="Dobby"
      key="1"
      mascot="Bengal"
      name="Kayla"
      school="Turing"
    />
  </section>
</Fragment>
`;
