// Jest Snapshot v1, https://goo.gl/fbAQLP

exports[`SpellContainer should match snapshot 1`] = `
<main>
  <article>
    <h2
      className="title"
    >
      Harry Potter Spells
    </h2>
    <input
      className="search__input"
      onChange={[Function]}
      placeholder="Search"
      type="text"
      value=""
    />
  </article>
  <section
    className="spells"
  >
    <Card
      info={
        Object {
          "effect": "Puts to sleep on command",
          "id": "1",
          "spell": "Accio",
          "type": "Sleeping spell",
        }
      }
    />
  </section>
  <div
    className="show-more"
  >
    <button
      className="showMoreBtn"
      onClick={[Function]}
    >
      Show More
    </button>
  </div>
</main>
`;
