// Jest Snapshot v1, https://goo.gl/fbAQLP

exports[`src Root should match snapshot 1`] = `
<Provider>
  <BrowserRouter>
    <Route
      component={
        Object {
          "$$typeof": Symbol(react.memo),
          "WrappedComponent": [Function],
          "compare": null,
          "displayName": "Connect(App)",
          "type": [Function],
        }
      }
      path="/"
    />
  </BrowserRouter>
</Provider>
`;
